2026-08-12 12:26:30,086 INFO Watching for file changes with StatReloader 681 
2026-08-12 12:26:39,730 ERROR Internal Server Error: /api/v1/auth/admin/ 249 
2026-08-12 12:26:39,730 ERROR "GET /api/v1/auth/admin/ HTTP/1.1" 500 52 249 
2026-08-12 12:26:39,888 ERROR Internal Server Error: /api/v1/auth/admin/ 249 
2026-08-12 12:26:39,889 ERROR "GET /api/v1/auth/admin/ HTTP/1.1" 500 52 249 
2026-08-12 12:27:04,979 WARNING Bad Request: /api/v1/auth/admin/ 249 
2026-08-12 12:27:04,980 WARNING "POST /api/v1/auth/admin/ HTTP/1.1" 400 121 249 
2026-08-12 12:27:22,565 INFO "POST /api/v1/auth/admin/ HTTP/1.1" 201 290 249 
2026-08-12 12:30:40,755 ERROR Internal Server Error: /api/v1/auth/admin/ 249 
2026-08-12 12:30:40,756 ERROR "GET /api/v1/auth/admin/ HTTP/1.1" 500 52 249 
2026-08-12 12:30:41,006 ERROR Internal Server Error: /api/v1/auth/admin/ 249 
2026-08-12 12:30:41,007 ERROR "GET /api/v1/auth/admin/ HTTP/1.1" 500 52 249 
2026-08-12 12:34:42,839 INFO "POST /api/v1/auth/login/ HTTP/1.1" 200 522 249 
2026-08-12 12:34:43,196 ERROR Internal Server Error: /api/v1/auth/admin/ 249 
2026-08-12 12:34:43,196 ERROR "GET /api/v1/auth/admin/ HTTP/1.1" 500 52 249 
2026-08-12 12:34:43,337 ERROR Internal Server Error: /api/v1/auth/admin/ 249 
2026-08-12 12:34:43,338 ERROR "GET /api/v1/auth/admin/ HTTP/1.1" 500 52 249 
2026-08-12 12:34:44,797 INFO E:\SajhaEduCore\config\apps\authx\api\views\admin_view.py changed, reloading. 265 
2026-08-12 12:34:46,186 INFO Watching for file changes with StatReloader 681 
2026-08-12 12:34:50,922 INFO E:\SajhaEduCore\config\apps\authx\api\views\admin_view.py changed, reloading. 265 
2026-08-12 12:34:52,131 INFO Watching for file changes with StatReloader 681 
2026-08-12 12:34:54,085 ERROR Internal Server Error: /api/v1/auth/admin/ 249 
2026-08-12 12:34:54,085 ERROR "GET /api/v1/auth/admin/ HTTP/1.1" 500 52 249 
2026-08-12 12:34:54,203 ERROR Internal Server Error: /api/v1/auth/admin/ 249 
2026-08-12 12:34:54,203 ERROR "GET /api/v1/auth/admin/ HTTP/1.1" 500 52 249 
2026-08-12 12:35:03,388 INFO E:\SajhaEduCore\config\apps\authx\api\views\admin_view.py changed, reloading. 265 
2026-08-12 12:35:04,442 INFO Watching for file changes with StatReloader 681 
2026-08-12 12:35:18,356 INFO "GET /api/v1/auth/admin/ HTTP/1.1" 200 497 249 
2026-08-12 12:35:18,477 INFO "GET /api/v1/auth/admin/ HTTP/1.1" 200 497 249 
2026-08-12 12:35:32,592 INFO "GET /api/v1/auth/admin/ HTTP/1.1" 200 497 249 
2026-08-12 12:35:32,719 INFO "GET /api/v1/auth/admin/ HTTP/1.1" 200 497 249 
2026-08-12 12:35:39,538 INFO "GET /api/v1/auth/admin/ HTTP/1.1" 200 497 249 
2026-08-12 12:35:39,661 INFO "GET /api/v1/auth/admin/ HTTP/1.1" 200 497 249 
2026-08-12 12:42:37,477 INFO E:\SajhaEduCore\config\apps\authx\api\views\admin_view.py changed, reloading. 265 
2026-08-12 12:42:38,723 INFO Watching for file changes with StatReloader 681 
2026-08-12 12:42:48,740 INFO E:\SajhaEduCore\config\apps\authx\api\views\admin_view.py changed, reloading. 265 
2026-08-12 12:42:49,925 INFO Watching for file changes with StatReloader 681 
2026-08-12 12:43:24,372 INFO E:\SajhaEduCore\config\apps\authx\api\views\admin_view.py changed, reloading. 265 
2026-08-12 12:43:25,446 INFO Watching for file changes with StatReloader 681 
2026-08-12 12:43:34,411 INFO E:\SajhaEduCore\config\apps\authx\api\views\admin_view.py changed, reloading. 265 
2026-08-12 12:43:36,238 INFO Watching for file changes with StatReloader 681 
2026-08-12 12:43:38,215 INFO "POST /api/v1/auth/login/ HTTP/1.1" 200 522 249 
2026-08-12 12:43:38,455 INFO "GET /api/v1/auth/admin/ HTTP/1.1" 200 497 249 
2026-08-12 12:43:38,576 INFO "GET /api/v1/auth/admin/ HTTP/1.1" 200 497 249 
2026-08-12 12:43:48,911 INFO "GET /api/v1/auth/admin/ HTTP/1.1" 200 497 249 
2026-08-12 12:43:49,073 INFO "GET /api/v1/auth/admin/ HTTP/1.1" 200 497 249 
2026-08-12 12:44:17,299 INFO "GET /api/v1/auth/admin/ HTTP/1.1" 200 497 249 
2026-08-12 12:44:31,088 INFO "GET /api/v1/auth/admin/ HTTP/1.1" 200 497 249 
2026-08-12 12:44:55,325 INFO - Broken pipe from ('192.168.18.247', 56795) 82 
2026-08-12 12:44:55,326 INFO - Broken pipe from ('192.168.18.247', 50060) 82 
2026-08-12 12:50:05,018 INFO Watching for file changes with StatReloader 681 
2026-08-12 12:50:20,637 INFO Watching for file changes with StatReloader 681 
2026-08-12 12:51:06,885 INFO Watching for file changes with StatReloader 681 
2026-08-12 12:59:28,442 INFO E:\SajhaEduCore\config\apps\common\services\delete.py changed, reloading. 265 
2026-08-12 12:59:29,920 INFO Watching for file changes with StatReloader 681 
2026-08-12 13:01:32,274 INFO "OPTIONS /api/v1/auth/login/ HTTP/1.1" 200 0 249 
2026-08-12 13:01:33,103 INFO "POST /api/v1/auth/login/ HTTP/1.1" 200 522 249 
2026-08-12 13:01:33,348 INFO "OPTIONS /api/v1/auth/admin/ HTTP/1.1" 200 0 249 
2026-08-12 13:01:33,354 INFO "OPTIONS /api/v1/auth/admin/ HTTP/1.1" 200 0 249 
2026-08-12 13:01:33,475 INFO "GET /api/v1/auth/admin/ HTTP/1.1" 200 497 249 
2026-08-12 13:01:33,594 INFO "GET /api/v1/auth/admin/ HTTP/1.1" 200 497 249 
2026-08-12 13:02:57,932 INFO "GET /api/v1/auth/admin/ HTTP/1.1" 200 497 249 
2026-08-12 13:02:58,162 INFO "GET /api/v1/auth/admin/ HTTP/1.1" 200 497 249 
2026-08-12 13:03:22,519 INFO "GET /api/v1/auth/admin/ HTTP/1.1" 200 497 249 
2026-08-12 13:03:22,655 INFO "GET /api/v1/auth/admin/ HTTP/1.1" 200 497 249 
2026-08-12 13:04:19,152 INFO E:\SajhaEduCore\config\apps\common\services\__init__.py changed, reloading. 265 
2026-08-12 13:04:20,323 INFO Watching for file changes with StatReloader 681 
2026-08-12 13:04:24,902 INFO E:\SajhaEduCore\config\apps\common\services\__init__.py changed, reloading. 265 
2026-08-12 13:04:26,357 INFO Watching for file changes with StatReloader 681 
2026-08-12 13:04:29,935 INFO E:\SajhaEduCore\config\apps\common\services\__init__.py changed, reloading. 265 
2026-08-12 13:04:31,220 INFO Watching for file changes with StatReloader 681 
2026-08-12 13:04:36,791 INFO E:\SajhaEduCore\config\apps\common\services\__init__.py changed, reloading. 265 
2026-08-12 13:04:37,936 INFO Watching for file changes with StatReloader 681 
2026-08-12 13:04:46,586 INFO E:\SajhaEduCore\config\apps\common\services\__init__.py changed, reloading. 265 
2026-08-12 13:04:47,755 INFO Watching for file changes with StatReloader 681 
2026-08-12 13:05:12,193 INFO E:\SajhaEduCore\config\apps\common\services\deactivate_user.py changed, reloading. 265 
2026-08-12 13:05:13,592 INFO Watching for file changes with StatReloader 681 
2026-08-12 13:05:34,892 INFO E:\SajhaEduCore\config\apps\common\services\deactivate_user.py changed, reloading. 265 
2026-08-12 13:05:36,107 INFO Watching for file changes with StatReloader 681 
2026-08-12 13:05:39,624 INFO E:\SajhaEduCore\config\apps\common\services\deactivate_user.py changed, reloading. 265 
2026-08-12 13:05:40,761 INFO Watching for file changes with StatReloader 681 
2026-08-12 13:05:44,255 INFO E:\SajhaEduCore\config\apps\common\services\deactivate_user.py changed, reloading. 265 
2026-08-12 13:05:45,314 INFO Watching for file changes with StatReloader 681 
2026-08-12 13:05:47,711 INFO E:\SajhaEduCore\config\apps\common\services\deactivate_user.py changed, reloading. 265 
2026-08-12 13:05:49,001 INFO Watching for file changes with StatReloader 681 
2026-08-12 13:05:51,424 INFO E:\SajhaEduCore\config\apps\common\services\deactivate_user.py changed, reloading. 265 
2026-08-12 13:05:52,794 INFO Watching for file changes with StatReloader 681 
2026-08-12 13:05:58,399 INFO E:\SajhaEduCore\config\apps\common\services\deactivate_user.py changed, reloading. 265 
2026-08-12 13:05:59,532 INFO Watching for file changes with StatReloader 681 
2026-08-12 13:06:09,247 INFO E:\SajhaEduCore\config\apps\common\services\deactivate_user.py changed, reloading. 265 
2026-08-12 13:06:10,615 INFO Watching for file changes with StatReloader 681 
2026-08-12 13:06:14,094 INFO E:\SajhaEduCore\config\apps\common\services\deactivate_user.py changed, reloading. 265 
2026-08-12 13:06:15,191 INFO Watching for file changes with StatReloader 681 
2026-08-12 13:06:22,846 INFO E:\SajhaEduCore\config\apps\common\services\deactivate_user.py changed, reloading. 265 
2026-08-12 13:06:23,989 INFO Watching for file changes with StatReloader 681 
2026-08-12 13:06:30,571 INFO E:\SajhaEduCore\config\apps\common\services\deactivate_user.py changed, reloading. 265 
2026-08-12 13:06:31,857 INFO Watching for file changes with StatReloader 681 
2026-08-12 13:06:43,747 INFO E:\SajhaEduCore\config\apps\common\services\deactivate_user.py changed, reloading. 265 
2026-08-12 13:06:45,102 INFO Watching for file changes with StatReloader 681 
2026-08-12 13:06:47,500 INFO E:\SajhaEduCore\config\apps\common\services\deactivate_user.py changed, reloading. 265 
2026-08-12 13:06:48,766 INFO Watching for file changes with StatReloader 681 
2026-08-12 13:07:02,732 INFO E:\SajhaEduCore\config\apps\common\services\deactivate_user.py changed, reloading. 265 
2026-08-12 13:07:04,093 INFO Watching for file changes with StatReloader 681 
2026-08-12 13:07:07,542 INFO E:\SajhaEduCore\config\apps\common\services\deactivate_user.py changed, reloading. 265 
2026-08-12 13:07:08,769 INFO Watching for file changes with StatReloader 681 
2026-08-12 13:10:37,875 INFO E:\SajhaEduCore\config\apps\common\services\deactivate_user.py changed, reloading. 265 
2026-08-12 13:10:39,316 INFO Watching for file changes with StatReloader 681 
2026-08-12 13:10:52,176 INFO E:\SajhaEduCore\config\apps\common\services\deactivate_user.py changed, reloading. 265 
2026-08-12 13:10:54,067 INFO Watching for file changes with StatReloader 681 
2026-08-12 13:12:45,972 INFO E:\SajhaEduCore\config\apps\common\services\deactivate_user.py changed, reloading. 265 
2026-08-12 13:12:47,734 INFO Watching for file changes with StatReloader 681 
2026-08-12 13:12:50,103 INFO E:\SajhaEduCore\config\apps\common\services\deactivate_user.py changed, reloading. 265 
2026-08-12 13:12:51,141 INFO Watching for file changes with StatReloader 681 
2026-08-12 13:13:27,502 INFO E:\SajhaEduCore\config\apps\common\services\__init__.py changed, reloading. 265 
2026-08-12 13:13:28,716 INFO Watching for file changes with StatReloader 681 
2026-08-12 13:13:29,940 INFO "GET /api/v1/auth/admin/ HTTP/1.1" 200 497 249 
2026-08-12 13:13:30,052 INFO "GET /api/v1/auth/admin/ HTTP/1.1" 200 497 249 
2026-08-12 13:13:32,395 INFO E:\SajhaEduCore\config\apps\common\services\__init__.py changed, reloading. 265 
2026-08-12 13:13:33,581 INFO Watching for file changes with StatReloader 681 
2026-08-12 13:13:38,104 INFO E:\SajhaEduCore\config\apps\common\services\__init__.py changed, reloading. 265 
2026-08-12 13:13:39,253 INFO Watching for file changes with StatReloader 681 
2026-08-12 13:13:41,887 INFO E:\SajhaEduCore\config\apps\common\services\__init__.py changed, reloading. 265 
2026-08-12 13:13:43,124 INFO Watching for file changes with StatReloader 681 
2026-08-12 13:13:51,840 INFO E:\SajhaEduCore\config\apps\common\services\__init__.py changed, reloading. 265 
2026-08-12 13:13:53,146 INFO Watching for file changes with StatReloader 681 
2026-08-12 13:14:12,465 INFO E:\SajhaEduCore\config\apps\common\services\__init__.py changed, reloading. 265 
2026-08-12 13:14:14,214 INFO Watching for file changes with StatReloader 681 
2026-08-12 13:14:17,646 INFO E:\SajhaEduCore\config\apps\common\services\deactivate_user.py changed, reloading. 265 
2026-08-12 13:14:19,028 INFO Watching for file changes with StatReloader 681 
2026-08-12 13:14:20,564 INFO E:\SajhaEduCore\config\apps\common\services\deactivate_user.py changed, reloading. 265 
2026-08-12 13:14:21,893 INFO Watching for file changes with StatReloader 681 
2026-08-12 13:16:10,003 INFO E:\SajhaEduCore\config\apps\authx\api\views\admin_view.py changed, reloading. 265 
2026-08-12 13:16:11,257 INFO Watching for file changes with StatReloader 681 
2026-08-12 13:16:18,167 INFO E:\SajhaEduCore\config\apps\authx\api\views\admin_view.py changed, reloading. 265 
2026-08-12 13:16:19,513 INFO Watching for file changes with StatReloader 681 
2026-08-12 13:16:38,996 INFO E:\SajhaEduCore\config\apps\authx\api\views\admin_view.py changed, reloading. 265 
2026-08-12 13:16:40,148 INFO Watching for file changes with StatReloader 681 
2026-08-12 13:33:23,642 INFO "GET /api/v1/auth/admin/ HTTP/1.1" 200 497 249 
2026-08-12 13:33:23,740 INFO "GET /api/v1/auth/admin/ HTTP/1.1" 200 497 249 
2026-08-12 13:34:04,064 INFO "GET /api/v1/auth/admin/ HTTP/1.1" 200 497 249 
2026-08-12 13:34:28,567 INFO "GET /api/v1/auth/admin/ HTTP/1.1" 200 497 249 
2026-08-12 13:34:28,693 INFO "GET /api/v1/auth/admin/ HTTP/1.1" 200 497 249 
2026-08-12 13:35:00,973 INFO "GET /api/v1/auth/admin/ HTTP/1.1" 200 497 249 
2026-08-12 13:35:01,090 INFO "GET /api/v1/auth/admin/ HTTP/1.1" 200 497 249 
2026-08-12 13:35:42,041 INFO "GET /api/v1/auth/admin/ HTTP/1.1" 200 497 249 
2026-08-12 13:35:42,136 INFO "GET /api/v1/auth/admin/ HTTP/1.1" 200 497 249 
2026-08-12 13:37:36,345 INFO "GET /api/v1/auth/admin/ HTTP/1.1" 200 497 249 
2026-08-12 13:37:36,449 INFO "GET /api/v1/auth/admin/ HTTP/1.1" 200 497 249 
2026-08-12 13:53:45,699 INFO "GET /api/v1/auth/admin/ HTTP/1.1" 200 497 249 
2026-08-12 13:53:45,819 INFO "GET /api/v1/auth/admin/ HTTP/1.1" 200 497 249 
2026-08-12 13:56:10,036 INFO "GET /api/v1/auth/admin/ HTTP/1.1" 200 497 249 
2026-08-12 14:58:05,622 INFO Watching for file changes with StatReloader 681 
2026-08-12 14:58:24,714 INFO "OPTIONS /api/v1/auth/login/ HTTP/1.1" 200 0 249 
2026-08-12 14:58:25,344 WARNING Unauthorized: /api/v1/auth/login/ 249 
2026-08-12 14:58:25,344 WARNING "POST /api/v1/auth/login/ HTTP/1.1" 401 59 249 
2026-08-12 14:58:54,252 INFO "POST /api/v1/auth/login/ HTTP/1.1" 200 522 249 
2026-08-12 14:58:54,762 INFO "OPTIONS /api/v1/auth/admin/ HTTP/1.1" 200 0 249 
2026-08-12 14:58:54,775 INFO "OPTIONS /api/v1/auth/admin/ HTTP/1.1" 200 0 249 
2026-08-12 14:58:54,899 INFO "GET /api/v1/auth/admin/ HTTP/1.1" 200 497 249 
2026-08-12 14:58:55,020 INFO "GET /api/v1/auth/admin/ HTTP/1.1" 200 497 249 
2026-08-12 15:02:51,731 INFO "GET /api/v1/auth/admin/ HTTP/1.1" 200 497 249 
2026-08-12 15:05:16,691 INFO "GET /api/v1/auth/admin/ HTTP/1.1" 200 497 249 
2026-08-12 15:06:23,681 INFO "GET /api/v1/auth/admin/ HTTP/1.1" 200 497 249 
2026-08-12 15:11:30,473 INFO "OPTIONS /api/v1/auth/admin/69d510ec-8325-4f6d-8162-02a5c4009175 HTTP/1.1" 200 0 249 
2026-08-12 15:11:30,561 INFO "GET /api/v1/auth/admin/69d510ec-8325-4f6d-8162-02a5c4009175 HTTP/1.1" 301 0 249 
2026-08-12 15:11:30,621 INFO "OPTIONS /api/v1/auth/admin/69d510ec-8325-4f6d-8162-02a5c4009175/ HTTP/1.1" 200 0 249 
2026-08-12 15:11:30,786 ERROR Internal Server Error: /api/v1/auth/admin/69d510ec-8325-4f6d-8162-02a5c4009175/ 249 
2026-08-12 15:11:30,786 ERROR "GET /api/v1/auth/admin/69d510ec-8325-4f6d-8162-02a5c4009175/ HTTP/1.1" 500 52 249 
2026-08-12 15:14:01,150 INFO "GET /api/v1/auth/admin/ HTTP/1.1" 200 497 249 
2026-08-12 15:14:01,315 INFO "GET /api/v1/auth/admin/ HTTP/1.1" 200 497 249 
2026-08-12 15:20:47,503 ERROR Internal Server Error: /api/v1/auth/admin/69d510ec-8325-4f6d-8162-02a5c4009175/ 249 
2026-08-12 15:20:47,504 ERROR "GET /api/v1/auth/admin/69d510ec-8325-4f6d-8162-02a5c4009175/ HTTP/1.1" 500 52 249 
2026-08-12 15:21:41,661 INFO "POST /api/v1/auth/login/ HTTP/1.1" 200 522 249 
2026-08-12 15:21:41,893 INFO "GET /api/v1/auth/admin/ HTTP/1.1" 200 497 249 
2026-08-12 15:21:42,017 INFO "GET /api/v1/auth/admin/ HTTP/1.1" 200 497 249 
2026-08-12 15:22:40,780 WARNING Bad Request: /api/v1/auth/admin/ 249 
2026-08-12 15:22:40,780 WARNING "POST /api/v1/auth/admin/ HTTP/1.1" 400 116 249 
2026-08-12 15:22:45,922 WARNING Bad Request: /api/v1/auth/admin/ 249 
2026-08-12 15:22:45,922 WARNING "POST /api/v1/auth/admin/ HTTP/1.1" 400 116 249 
2026-08-12 15:23:02,627 INFO "GET /api/v1/auth/admin/ HTTP/1.1" 200 497 249 
2026-08-12 15:23:02,819 INFO "GET /api/v1/auth/admin/ HTTP/1.1" 200 497 249 
2026-08-13 14:23:13,369 INFO Watching for file changes with StatReloader 681 
2026-08-13 14:23:21,051 INFO Watching for file changes with StatReloader 681 
2026-08-13 14:23:52,150 INFO Watching for file changes with StatReloader 681 
2026-08-13 14:23:55,073 INFO "OPTIONS /api/v1/auth/login/ HTTP/1.1" 200 0 249 
2026-08-13 14:23:55,931 INFO "POST /api/v1/auth/login/ HTTP/1.1" 200 522 249 
2026-08-13 14:23:56,092 INFO "OPTIONS /api/v1/auth/admin/ HTTP/1.1" 200 0 249 
2026-08-13 14:23:56,101 INFO "OPTIONS /api/v1/auth/admin/ HTTP/1.1" 200 0 249 
2026-08-13 14:23:56,344 INFO "GET /api/v1/auth/admin/ HTTP/1.1" 200 497 249 
2026-08-13 14:23:56,479 INFO "GET /api/v1/auth/admin/ HTTP/1.1" 200 497 249 
2026-08-13 14:24:11,543 INFO "OPTIONS /api/v1/auth/admin/69d510ec-8325-4f6d-8162-02a5c4009175 HTTP/1.1" 200 0 249 
2026-08-13 14:24:11,609 INFO "OPTIONS /api/v1/auth/admin/69d510ec-8325-4f6d-8162-02a5c4009175/ HTTP/1.1" 200 0 249 
2026-08-13 14:24:11,868 ERROR Internal Server Error: /api/v1/auth/admin/69d510ec-8325-4f6d-8162-02a5c4009175/ 249 
2026-08-13 14:24:11,868 ERROR "GET /api/v1/auth/admin/69d510ec-8325-4f6d-8162-02a5c4009175/ HTTP/1.1" 500 52 249 
2026-08-13 14:24:20,320 INFO "GET /api/v1/auth/admin/ HTTP/1.1" 200 497 249 
2026-08-13 14:24:20,455 INFO "GET /api/v1/auth/admin/ HTTP/1.1" 200 497 249 
2026-08-13 14:24:25,741 ERROR Internal Server Error: /api/v1/auth/admin/69d510ec-8325-4f6d-8162-02a5c4009175/ 249 
2026-08-13 14:24:25,741 ERROR "GET /api/v1/auth/admin/69d510ec-8325-4f6d-8162-02a5c4009175/ HTTP/1.1" 500 52 249 
2026-08-13 14:29:25,499 INFO Watching for file changes with StatReloader 681 
2026-08-13 14:33:57,073 ERROR Internal Server Error: /api/v1/auth/admin/69d510ec-8325-4f6d-8162-02a5c4009175/ 249 
2026-08-13 14:33:57,074 ERROR "GET /api/v1/auth/admin/69d510ec-8325-4f6d-8162-02a5c4009175/ HTTP/1.1" 500 52 249 
2026-08-13 14:34:28,017 ERROR Internal Server Error: /api/v1/auth/admin/69d510ec-8325-4f6d-8162-02a5c4009175 249 
Traceback (most recent call last):
  File "E:\SajhaEduCore\myenv\Lib\site-packages\django\core\handlers\exception.py", line 55, in inner
    response = get_response(request)
  File "E:\SajhaEduCore\myenv\Lib\site-packages\django\utils\deprecation.py", line 311, in __call__
    response = self.process_response(request, response)
  File "E:\SajhaEduCore\myenv\Lib\site-packages\django\middleware\common.py", line 109, in process_response
    self.get_full_path_with_slash(request)
    ~~~~~~~~~~~~~~~~~~~~~~~~~~~~~^^^^^^^^^
  File "E:\SajhaEduCore\myenv\Lib\site-packages\django\middleware\common.py", line 87, in get_full_path_with_slash
    raise RuntimeError(
    ...<9 lines>...
    )
RuntimeError: You called this URL via PATCH, but the URL doesn't end in a slash and you have APPEND_SLASH set. Django can't redirect to the slash URL while maintaining PATCH data. Change your form to point to 192.168.2.4:9000/api/v1/auth/admin/69d510ec-8325-4f6d-8162-02a5c4009175/ (note the trailing slash), or set APPEND_SLASH=False in your Django settings.
2026-08-13 14:34:28,019 ERROR "PATCH /api/v1/auth/admin/69d510ec-8325-4f6d-8162-02a5c4009175 HTTP/1.1" 500 19886 249 
2026-08-13 14:35:09,244 ERROR Internal Server Error: /api/v1/auth/admin/69d510ec-8325-4f6d-8162-02a5c4009175/ 249 
2026-08-13 14:35:09,244 ERROR "GET /api/v1/auth/admin/69d510ec-8325-4f6d-8162-02a5c4009175/ HTTP/1.1" 500 52 249 
2026-08-13 14:35:24,067 INFO "GET /api/v1/auth/admin/ HTTP/1.1" 200 497 249 
2026-08-13 14:35:59,824 ERROR Internal Server Error: /api/v1/auth/admin/69d510ec-8325-4f6d-8162-02a5c4009175/ 249 
2026-08-13 14:35:59,825 ERROR "GET /api/v1/auth/admin/69d510ec-8325-4f6d-8162-02a5c4009175/ HTTP/1.1" 500 52 249 
2026-08-13 14:36:07,188 ERROR Internal Server Error: /api/v1/auth/admin/69d510ec-8325-4f6d-8162-02a5c4009175/ 249 
2026-08-13 14:36:07,188 ERROR "GET /api/v1/auth/admin/69d510ec-8325-4f6d-8162-02a5c4009175/ HTTP/1.1" 500 52 249 
2026-08-13 14:36:11,075 INFO "GET /api/v1/auth/admin/ HTTP/1.1" 200 497 249 
2026-08-13 14:36:11,206 INFO "GET /api/v1/auth/admin/ HTTP/1.1" 200 497 249 
2026-08-13 14:36:15,396 ERROR Internal Server Error: /api/v1/auth/admin/69d510ec-8325-4f6d-8162-02a5c4009175/ 249 
2026-08-13 14:36:15,397 ERROR "GET /api/v1/auth/admin/69d510ec-8325-4f6d-8162-02a5c4009175/ HTTP/1.1" 500 52 249 
2026-08-13 14:36:54,089 ERROR Internal Server Error: /api/v1/auth/admin/69d510ec-8325-4f6d-8162-02a5c4009175/ 249 
2026-08-13 14:36:54,089 ERROR "GET /api/v1/auth/admin/69d510ec-8325-4f6d-8162-02a5c4009175/ HTTP/1.1" 500 52 249 
2026-08-13 14:36:56,955 ERROR Internal Server Error: /api/v1/auth/admin/69d510ec-8325-4f6d-8162-02a5c4009175/ 249 
2026-08-13 14:36:56,956 ERROR "GET /api/v1/auth/admin/69d510ec-8325-4f6d-8162-02a5c4009175/ HTTP/1.1" 500 52 249 
2026-08-13 14:37:02,687 ERROR Internal Server Error: /api/v1/auth/admin/69d510ec-8325-4f6d-8162-02a5c4009175/ 249 
2026-08-13 14:37:02,687 ERROR "GET /api/v1/auth/admin/69d510ec-8325-4f6d-8162-02a5c4009175/ HTTP/1.1" 500 52 249 
2026-08-13 14:37:21,937 ERROR Internal Server Error: /api/v1/auth/admin/69d510ec-8325-4f6d-8162-02a5c4009175/ 249 
2026-08-13 14:37:21,937 ERROR "GET /api/v1/auth/admin/69d510ec-8325-4f6d-8162-02a5c4009175/ HTTP/1.1" 500 52 249 
2026-08-13 14:38:08,323 ERROR Internal Server Error: /api/v1/auth/admin/69d510ec-8325-4f6d-8162-02a5c4009175/ 249 
2026-08-13 14:38:08,323 ERROR "GET /api/v1/auth/admin/69d510ec-8325-4f6d-8162-02a5c4009175/ HTTP/1.1" 500 52 249 
2026-08-13 14:39:05,395 INFO "OPTIONS /api/v1/auth/admin/6a8881e8-bd17-449a-bccf-3064a7babc5b HTTP/1.1" 200 0 249 
2026-08-13 14:39:05,462 INFO "GET /api/v1/auth/admin/6a8881e8-bd17-449a-bccf-3064a7babc5b HTTP/1.1" 301 0 249 
2026-08-13 14:39:05,531 INFO "OPTIONS /api/v1/auth/admin/6a8881e8-bd17-449a-bccf-3064a7babc5b/ HTTP/1.1" 200 0 249 
2026-08-13 14:39:05,772 ERROR Internal Server Error: /api/v1/auth/admin/6a8881e8-bd17-449a-bccf-3064a7babc5b/ 249 
2026-08-13 14:39:05,772 ERROR "GET /api/v1/auth/admin/6a8881e8-bd17-449a-bccf-3064a7babc5b/ HTTP/1.1" 500 52 249 
2026-08-13 14:39:16,940 ERROR Internal Server Error: /api/v1/auth/admin/69d510ec-8325-4f6d-8162-02a5c4009175/ 249 
2026-08-13 14:39:16,940 ERROR "GET /api/v1/auth/admin/69d510ec-8325-4f6d-8162-02a5c4009175/ HTTP/1.1" 500 52 249 
2026-08-13 14:42:21,772 WARNING Bad Request: /api/v1/auth/admin/ 249 
2026-08-13 14:42:21,772 WARNING "POST /api/v1/auth/admin/ HTTP/1.1" 400 319 249 
2026-08-13 14:42:24,018 ERROR Internal Server Error: /api/v1/auth/admin/69d510ec-8325-4f6d-8162-02a5c4009175/ 249 
2026-08-13 14:42:24,018 ERROR "GET /api/v1/auth/admin/69d510ec-8325-4f6d-8162-02a5c4009175/ HTTP/1.1" 500 52 249 
2026-08-13 14:42:26,221 ERROR Internal Server Error: /api/v1/auth/admin/69d510ec-8325-4f6d-8162-02a5c4009175 249 
Traceback (most recent call last):
  File "E:\SajhaEduCore\myenv\Lib\site-packages\django\core\handlers\exception.py", line 55, in inner
    response = get_response(request)
  File "E:\SajhaEduCore\myenv\Lib\site-packages\django\utils\deprecation.py", line 311, in __call__
    response = self.process_response(request, response)
  File "E:\SajhaEduCore\myenv\Lib\site-packages\django\middleware\common.py", line 109, in process_response
    self.get_full_path_with_slash(request)
    ~~~~~~~~~~~~~~~~~~~~~~~~~~~~~^^^^^^^^^
  File "E:\SajhaEduCore\myenv\Lib\site-packages\django\middleware\common.py", line 87, in get_full_path_with_slash
    raise RuntimeError(
    ...<9 lines>...
    )
RuntimeError: You called this URL via PATCH, but the URL doesn't end in a slash and you have APPEND_SLASH set. Django can't redirect to the slash URL while maintaining PATCH data. Change your form to point to 192.168.2.4:9000/api/v1/auth/admin/69d510ec-8325-4f6d-8162-02a5c4009175/ (note the trailing slash), or set APPEND_SLASH=False in your Django settings.
2026-08-13 14:42:26,222 ERROR "PATCH /api/v1/auth/admin/69d510ec-8325-4f6d-8162-02a5c4009175 HTTP/1.1" 500 19886 249 
2026-08-13 14:42:34,101 ERROR Internal Server Error: /api/v1/auth/admin/69d510ec-8325-4f6d-8162-02a5c4009175 249 
Traceback (most recent call last):
  File "E:\SajhaEduCore\myenv\Lib\site-packages\django\core\handlers\exception.py", line 55, in inner
    response = get_response(request)
  File "E:\SajhaEduCore\myenv\Lib\site-packages\django\utils\deprecation.py", line 311, in __call__
    response = self.process_response(request, response)
  File "E:\SajhaEduCore\myenv\Lib\site-packages\django\middleware\common.py", line 109, in process_response
    self.get_full_path_with_slash(request)
    ~~~~~~~~~~~~~~~~~~~~~~~~~~~~~^^^^^^^^^
  File "E:\SajhaEduCore\myenv\Lib\site-packages\django\middleware\common.py", line 87, in get_full_path_with_slash
    raise RuntimeError(
    ...<9 lines>...
    )
RuntimeError: You called this URL via PATCH, but the URL doesn't end in a slash and you have APPEND_SLASH set. Django can't redirect to the slash URL while maintaining PATCH data. Change your form to point to 192.168.2.4:9000/api/v1/auth/admin/69d510ec-8325-4f6d-8162-02a5c4009175/ (note the trailing slash), or set APPEND_SLASH=False in your Django settings.
2026-08-13 14:42:34,103 ERROR "PATCH /api/v1/auth/admin/69d510ec-8325-4f6d-8162-02a5c4009175 HTTP/1.1" 500 19892 249 
2026-08-13 14:42:58,434 INFO "GET /api/v1/auth/admin/ HTTP/1.1" 200 497 249 
2026-08-13 14:42:58,567 INFO "GET /api/v1/auth/admin/ HTTP/1.1" 200 497 249 
2026-08-13 14:43:17,680 ERROR Internal Server Error: /api/v1/auth/admin/69d510ec-8325-4f6d-8162-02a5c4009175/ 249 
2026-08-13 14:43:17,680 ERROR "GET /api/v1/auth/admin/69d510ec-8325-4f6d-8162-02a5c4009175/ HTTP/1.1" 500 52 249 
2026-08-13 14:43:21,768 INFO "GET /api/v1/auth/admin/ HTTP/1.1" 200 497 249 
2026-08-13 14:43:21,993 INFO "GET /api/v1/auth/admin/ HTTP/1.1" 200 497 249 
2026-08-13 14:43:46,851 ERROR Internal Server Error: /api/v1/auth/admin/69d510ec-8325-4f6d-8162-02a5c4009175/ 249 
2026-08-13 14:43:46,852 ERROR "GET /api/v1/auth/admin/69d510ec-8325-4f6d-8162-02a5c4009175/ HTTP/1.1" 500 52 249 
2026-08-13 14:47:51,494 ERROR Internal Server Error: /api/v1/auth/admin/69d510ec-8325-4f6d-8162-02a5c4009175/ 249 
2026-08-13 14:47:51,495 ERROR "DELETE /api/v1/auth/admin/69d510ec-8325-4f6d-8162-02a5c4009175/ HTTP/1.1" 500 52 249 
2026-08-13 14:47:59,481 ERROR Internal Server Error: /api/v1/auth/admin/69d510ec-8325-4f6d-8162-02a5c4009175/ 249 
2026-08-13 14:47:59,481 ERROR "DELETE /api/v1/auth/admin/69d510ec-8325-4f6d-8162-02a5c4009175/ HTTP/1.1" 500 52 249 
2026-08-13 14:50:32,777 ERROR Internal Server Error: /api/v1/auth/admin/69d510ec-8325-4f6d-8162-02a5c4009175/ 249 
2026-08-13 14:50:32,778 ERROR "GET /api/v1/auth/admin/69d510ec-8325-4f6d-8162-02a5c4009175/ HTTP/1.1" 500 52 249 
2026-08-13 14:50:44,552 ERROR Internal Server Error: /api/v1/auth/admin/69d510ec-8325-4f6d-8162-02a5c4009175/ 249 
2026-08-13 14:50:44,553 ERROR "DELETE /api/v1/auth/admin/69d510ec-8325-4f6d-8162-02a5c4009175/ HTTP/1.1" 500 52 249 
2026-08-13 15:00:07,503 INFO "POST /api/v1/auth/login/ HTTP/1.1" 200 522 249 
2026-08-13 15:00:07,736 INFO "GET /api/v1/auth/admin/ HTTP/1.1" 200 497 249 
2026-08-13 15:00:07,977 INFO "GET /api/v1/auth/admin/ HTTP/1.1" 200 497 249 
2026-08-13 15:03:07,664 ERROR Internal Server Error: /api/v1/auth/admin/69d510ec-8325-4f6d-8162-02a5c4009175/ 249 
2026-08-13 15:03:07,664 ERROR "GET /api/v1/auth/admin/69d510ec-8325-4f6d-8162-02a5c4009175/ HTTP/1.1" 500 52 249 
2026-08-13 15:13:36,863 INFO "POST /api/v1/auth/login/ HTTP/1.1" 200 522 249 
2026-08-13 15:13:37,117 INFO "GET /api/v1/auth/admin/ HTTP/1.1" 200 497 249 
2026-08-13 15:13:37,277 INFO "GET /api/v1/auth/admin/ HTTP/1.1" 200 497 249 
2026-08-13 15:14:10,457 INFO "POST /api/v1/auth/login/ HTTP/1.1" 200 522 249 
2026-08-13 15:14:10,688 INFO "GET /api/v1/auth/admin/ HTTP/1.1" 200 497 249 
2026-08-13 15:14:10,813 INFO "GET /api/v1/auth/admin/ HTTP/1.1" 200 497 249 
2026-08-13 15:17:36,036 INFO "GET /api/v1/auth/admin/ HTTP/1.1" 200 497 249 
2026-08-13 15:22:23,182 INFO "POST /api/v1/auth/login/ HTTP/1.1" 200 522 249 
2026-08-13 15:22:24,238 INFO "GET /api/v1/auth/admin/ HTTP/1.1" 200 497 249 
2026-08-13 15:22:25,155 INFO "GET /api/v1/auth/admin/ HTTP/1.1" 200 497 249 
2026-08-13 15:25:23,254 INFO "POST /api/v1/auth/login/ HTTP/1.1" 200 522 249 
2026-08-13 15:25:23,695 INFO "GET /api/v1/auth/admin/ HTTP/1.1" 200 497 249 
2026-08-13 15:25:23,840 INFO "GET /api/v1/auth/admin/ HTTP/1.1" 200 497 249 
2026-08-13 15:58:08,366 INFO Watching for file changes with StatReloader 681 
2026-08-13 15:59:49,185 INFO Watching for file changes with StatReloader 681 
2026-08-13 16:00:17,933 INFO "GET /api/v1/auth/admin/ HTTP/1.1" 200 497 249 
2026-08-13 16:00:18,073 INFO "GET /api/v1/auth/admin/ HTTP/1.1" 200 497 249 
2026-08-13 16:00:40,495 ERROR Internal Server Error: /api/v1/auth/admin/69d510ec-8325-4f6d-8162-02a5c4009175/ 249 
2026-08-13 16:00:40,496 ERROR "GET /api/v1/auth/admin/69d510ec-8325-4f6d-8162-02a5c4009175/ HTTP/1.1" 500 52 249 
2026-08-13 16:00:47,552 ERROR Internal Server Error: /api/v1/auth/admin/69d510ec-8325-4f6d-8162-02a5c4009175/ 249 
2026-08-13 16:00:47,552 ERROR "GET /api/v1/auth/admin/69d510ec-8325-4f6d-8162-02a5c4009175/ HTTP/1.1" 500 52 249 
2026-08-13 16:30:56,177 INFO "OPTIONS /api/v1/auth/login/ HTTP/1.1" 200 0 249 
2026-08-13 16:30:56,977 INFO "POST /api/v1/auth/login/ HTTP/1.1" 200 522 249 
2026-08-13 16:30:57,147 INFO "OPTIONS /api/v1/auth/admin/ HTTP/1.1" 200 0 249 
2026-08-13 16:30:57,153 INFO "OPTIONS /api/v1/auth/admin/ HTTP/1.1" 200 0 249 
2026-08-13 16:30:57,271 INFO "GET /api/v1/auth/admin/ HTTP/1.1" 200 497 249 
2026-08-13 16:30:57,386 INFO "GET /api/v1/auth/admin/ HTTP/1.1" 200 497 249 
2026-08-13 16:31:39,911 INFO "POST /api/v1/auth/admin/ HTTP/1.1" 201 279 249 
2026-08-13 16:31:44,552 INFO "GET /api/v1/auth/admin/ HTTP/1.1" 200 497 249 
2026-08-13 16:31:44,661 INFO "GET /api/v1/auth/admin/ HTTP/1.1" 200 497 249 
2026-08-13 16:32:10,428 INFO "GET /api/v1/auth/admin/ HTTP/1.1" 200 497 249 
2026-08-13 16:32:10,540 INFO "GET /api/v1/auth/admin/ HTTP/1.1" 200 497 249 
2026-08-13 16:35:58,578 INFO "POST /api/v1/auth/login/ HTTP/1.1" 200 522 249 
2026-08-13 16:35:58,840 INFO "GET /api/v1/auth/admin/ HTTP/1.1" 200 497 249 
2026-08-13 16:35:58,987 INFO "GET /api/v1/auth/admin/ HTTP/1.1" 200 497 249 
2026-08-13 16:39:53,653 INFO "GET /api/v1/auth/admin/ HTTP/1.1" 200 497 249 
2026-08-13 16:39:53,892 INFO "GET /api/v1/auth/admin/ HTTP/1.1" 200 497 249 
2026-08-13 16:40:02,371 INFO "GET /api/v1/auth/admin/ HTTP/1.1" 200 497 249 
2026-08-13 16:40:02,519 INFO "GET /api/v1/auth/admin/ HTTP/1.1" 200 497 249 
2026-08-13 16:41:23,517 INFO "POST /api/v1/auth/login/ HTTP/1.1" 200 522 249 
2026-08-13 16:41:52,948 INFO "POST /api/v1/auth/login/ HTTP/1.1" 200 522 249 
2026-08-13 16:43:20,599 INFO "POST /api/v1/auth/login/ HTTP/1.1" 200 522 249 
2026-08-13 16:44:45,835 INFO "POST /api/v1/auth/login/ HTTP/1.1" 200 522 249 
2026-08-13 17:00:14,143 INFO E:\SajhaEduCore\config\apps\authx\api\views\admin_view.py changed, reloading. 265 
2026-08-13 17:00:15,800 INFO Watching for file changes with StatReloader 681 
2026-08-13 17:00:19,657 INFO E:\SajhaEduCore\config\apps\authx\api\views\admin_view.py changed, reloading. 265 
2026-08-13 17:00:21,102 INFO Watching for file changes with StatReloader 681 
2026-08-13 17:00:24,654 INFO E:\SajhaEduCore\config\apps\authx\api\views\admin_view.py changed, reloading. 265 
2026-08-13 17:00:25,924 INFO Watching for file changes with StatReloader 681 
2026-08-13 17:00:33,784 INFO E:\SajhaEduCore\config\apps\authx\api\views\admin_view.py changed, reloading. 265 
2026-08-13 17:00:34,888 INFO Watching for file changes with StatReloader 681 
2026-08-13 17:02:13,403 INFO E:\SajhaEduCore\config\apps\authx\api\views\admin_view.py changed, reloading. 265 
2026-08-13 17:02:15,380 INFO Watching for file changes with StatReloader 681 
2026-08-13 17:02:27,571 INFO E:\SajhaEduCore\config\apps\authx\api\serializers\admin_serializer.py changed, reloading. 265 
2026-08-13 17:02:28,830 INFO Watching for file changes with StatReloader 681 
2026-08-13 17:03:03,313 INFO E:\SajhaEduCore\config\apps\authx\api\views\admin_view.py changed, reloading. 265 
2026-08-13 17:03:05,122 INFO Watching for file changes with StatReloader 681 
2026-08-13 17:03:48,145 INFO E:\SajhaEduCore\config\apps\authx\models.py changed, reloading. 265 
2026-08-13 17:03:49,276 INFO Watching for file changes with StatReloader 681 
2026-08-13 17:03:52,990 INFO E:\SajhaEduCore\config\apps\authx\models.py changed, reloading. 265 
2026-08-13 17:03:54,081 INFO Watching for file changes with StatReloader 681 
2026-08-13 17:04:15,841 INFO E:\SajhaEduCore\config\apps\authx\api\serializers\admin_serializer.py changed, reloading. 265 
2026-08-13 17:04:16,871 INFO Watching for file changes with StatReloader 681 
2026-08-13 17:09:53,081 INFO E:\SajhaEduCore\config\apps\authx\services\user.py changed, reloading. 265 
2026-08-13 17:09:54,387 INFO Watching for file changes with StatReloader 681 
2026-08-13 17:09:57,060 INFO E:\SajhaEduCore\config\apps\authx\services\user.py changed, reloading. 265 
2026-08-13 17:09:58,293 INFO Watching for file changes with StatReloader 681 
2026-08-13 17:10:20,026 INFO E:\SajhaEduCore\config\apps\authx\services\user.py changed, reloading. 265 
2026-08-13 17:10:21,655 INFO Watching for file changes with StatReloader 681 
2026-08-13 17:10:27,583 INFO E:\SajhaEduCore\config\apps\authx\services\user.py changed, reloading. 265 
2026-08-13 17:10:28,989 INFO Watching for file changes with StatReloader 681 
2026-08-13 17:10:30,375 INFO E:\SajhaEduCore\config\apps\authx\services\user.py changed, reloading. 265 
2026-08-13 17:10:31,631 INFO Watching for file changes with StatReloader 681 
2026-08-13 17:12:29,480 INFO E:\SajhaEduCore\config\apps\authx\services\user.py changed, reloading. 265 
2026-08-13 17:12:30,760 INFO Watching for file changes with StatReloader 681 
2026-08-13 17:15:05,388 INFO E:\SajhaEduCore\config\apps\authx\services\user.py changed, reloading. 265 
2026-08-13 17:15:06,821 INFO Watching for file changes with StatReloader 681 
2026-08-13 17:15:11,370 INFO E:\SajhaEduCore\config\apps\authx\services\user.py changed, reloading. 265 
2026-08-13 17:15:12,842 INFO Watching for file changes with StatReloader 681 
2026-08-13 17:15:14,186 INFO E:\SajhaEduCore\config\apps\authx\services\user.py changed, reloading. 265 
2026-08-13 17:15:15,545 INFO Watching for file changes with StatReloader 681 
2026-08-13 17:15:17,955 INFO E:\SajhaEduCore\config\apps\authx\services\user.py changed, reloading. 265 
2026-08-13 17:15:19,188 INFO Watching for file changes with StatReloader 681 
2026-08-13 17:15:23,704 INFO E:\SajhaEduCore\config\apps\authx\services\user.py changed, reloading. 265 
2026-08-13 17:15:25,006 INFO Watching for file changes with StatReloader 681 
2026-08-13 17:15:29,797 INFO E:\SajhaEduCore\config\apps\authx\services\user.py changed, reloading. 265 
2026-08-13 17:15:31,025 INFO Watching for file changes with StatReloader 681 
2026-08-13 17:15:33,657 INFO E:\SajhaEduCore\config\apps\authx\services\user.py changed, reloading. 265 
2026-08-13 17:15:34,828 INFO Watching for file changes with StatReloader 681 
2026-08-13 17:15:41,638 INFO E:\SajhaEduCore\config\apps\authx\services\user.py changed, reloading. 265 
2026-08-13 17:15:42,854 INFO Watching for file changes with StatReloader 681 
2026-08-13 17:15:45,577 INFO E:\SajhaEduCore\config\apps\authx\services\user.py changed, reloading. 265 
2026-08-13 17:15:46,730 INFO Watching for file changes with StatReloader 681 
2026-08-13 17:15:51,566 INFO E:\SajhaEduCore\config\apps\authx\services\user.py changed, reloading. 265 
2026-08-13 17:15:52,747 INFO Watching for file changes with StatReloader 681 
2026-08-13 17:16:00,690 INFO E:\SajhaEduCore\config\apps\authx\services\user.py changed, reloading. 265 
2026-08-13 17:16:01,831 INFO Watching for file changes with StatReloader 681 
2026-08-13 17:16:06,566 INFO E:\SajhaEduCore\config\apps\authx\services\user.py changed, reloading. 265 
2026-08-13 17:16:07,774 INFO Watching for file changes with StatReloader 681 
2026-08-13 17:16:10,373 INFO E:\SajhaEduCore\config\apps\authx\services\user.py changed, reloading. 265 
2026-08-13 17:16:11,711 INFO Watching for file changes with StatReloader 681 
2026-08-13 17:16:17,501 INFO E:\SajhaEduCore\config\apps\authx\services\user.py changed, reloading. 265 
2026-08-13 17:16:18,730 INFO Watching for file changes with StatReloader 681 
2026-08-13 17:16:25,639 INFO E:\SajhaEduCore\config\apps\authx\services\user.py changed, reloading. 265 
2026-08-13 17:16:26,953 INFO Watching for file changes with StatReloader 681 
2026-08-13 17:16:39,179 INFO E:\SajhaEduCore\config\apps\authx\services\__init__.py changed, reloading. 265 
2026-08-13 17:16:40,408 INFO Watching for file changes with StatReloader 681 
2026-08-13 17:16:47,359 INFO E:\SajhaEduCore\config\apps\authx\services\__init__.py changed, reloading. 265 
2026-08-13 17:16:48,527 INFO Watching for file changes with StatReloader 681 
2026-08-13 17:16:59,698 INFO E:\SajhaEduCore\config\apps\authx\api\views\admin_view.py changed, reloading. 265 
2026-08-13 17:17:01,044 INFO Watching for file changes with StatReloader 681 
2026-08-13 17:17:07,959 INFO E:\SajhaEduCore\config\apps\authx\api\views\admin_view.py changed, reloading. 265 
2026-08-13 17:17:09,248 INFO Watching for file changes with StatReloader 681 
